// Jest Snapshot v1, https://goo.gl/fbAQLP

exports[`Result renders properly 1`] = `
<Styled(Component)>
  <Styled(Component)
    backgroundColor="#ffffff"
    borderRadius={50}
    height={100}
    width={100}
  >
    <Image
      source={1}
      style={
        Object {
          "backgroundColor": "#ffffff",
          "height": 64,
          "width": 64,
        }
      }
    />
  </Styled(Component)>
  <Headline>
    Congratulations, you're done
  </Headline>
  <Subheading>
    You've answered 
    3
     questions correctly out of 
    10
  </Subheading>
  <withTheme(Button)
    mode="contained"
    onPress={[MockFunction]}
    primary={true}
    style={
      Object {
        "marginTop": 10,
      }
    }
  >
    Restart Quiz
  </withTheme(Button)>
</Styled(Component)>
`;
