// Jest Snapshot v1, https://goo.gl/fbAQLP

exports[`MainToolbar renders properly 1`] = `
<withTheme(Toolbar)>
  <withTheme(ToolbarContent)
    title="Flashcards"
  />
  <ToolbarAction
    icon="search"
    onPress={[MockFunction]}
    size={24}
  />
</withTheme(Toolbar)>
`;
