// Jest Snapshot v1, https://goo.gl/fbAQLP

exports[`Toaster renders properly 1`] = `
<withTheme(Snackbar)
  duration={1500}
  onDismiss={[Function]}
  visible={false}
/>
`;
